09:31:50 | INFO    | Log started: /home/andre/Cosmologia/Git_Hub/resultados_quick/samplers_lcdm_noise-readout/sweep_all_20260903_093150.log
09:31:50 | INFO    | Simulation device: CPU
09:31:51 | INFO    | ======================================================================
09:31:51 | INFO    | SWEEP-ALL — 1 model(s): lcdm
09:31:51 | INFO    |   dataset=CC+BAO | prior=flat | steps=800 | qvmc_iter=30 | nqpp=3
09:31:51 | INFO    |   master folder: /home/andre/Cosmologia/Git_Hub/resultados_quick/samplers_lcdm_noise-readout/
09:31:51 | INFO    | ======================================================================
09:31:51 | INFO    | 
09:31:51 | INFO    | [1/1] ===== MODEL: lcdm (Flat ΛCDM) =====
09:31:51 | INFO    | PER-METHOD LADDERS — model Flat ΛCDM, dataset CC+BAO
09:31:52 | INFO    | [C-MCMC] step    500/800 | acc=0.500 | R-hat-1=+0.2003 | mean: Om=0.2525  H0=71.1001
09:31:52 | INFO    | [C-MCMC] done: 800 steps, acc=0.501, ESS=66, t=0.7s, converged=False
09:31:52 | INFO    |   QMCMC   0.0%  mean=Om=0.2553  H0=70.8829  acc=0.501
09:32:00 | INFO    | [QMCMC50] step    500/800 | acc=0.538 | R-hat-1=+0.1189 | mean: Om=0.2587  H0=70.6366
09:32:02 | INFO    | [QMCMC50] done: 800 steps, acc=0.529, ESS=135, t=7.6s, converged=False
09:32:02 | INFO    |   QMCMC  50.0%  mean=Om=0.2593  H0=70.6134  acc=0.529
09:32:11 | INFO    | [QMCMC100] step    500/800 | acc=0.541 | R-hat-1=+0.1548 | mean: Om=0.2617  H0=70.4603
09:32:13 | INFO    | [QMCMC100] done: 800 steps, acc=0.529, ESS=100, t=9.4s, converged=False
09:32:13 | INFO    |   QMCMC 100.0%  mean=Om=0.2612  H0=70.5217  acc=0.529
09:32:13 | INFO    |   Adaptive QVMC grid window (shared): Om∈[0.1800,0.3233], H0∈[66.2306,76.3180]
09:32:14 | INFO    | [C-VI] iter     0/30 | KL=15.406783 | E[theta]: Om=0.2489  H0=71.5611
09:32:14 | INFO    | [C-VI] iter    29/30 | KL=13.717218 | E[theta]: Om=0.2513  H0=71.4672
09:32:14 | INFO    | [C-VI] training done: KL=12.511461 in 0.5s (45 iters)
09:32:14 | INFO    |   QVMC    0.0%  mean=Om=0.2589  H0=71.1852  KL=12.5115
09:32:14 | INFO    | [QVMC33] iter     0/30 | KL=15.406783 | E[theta]: Om=0.2489  H0=71.5611
09:32:14 | INFO    | [QVMC33] iter    29/30 | KL=13.717218 | E[theta]: Om=0.2513  H0=71.4672
09:32:14 | INFO    | [QVMC33] training done: KL=12.511461 in 0.4s (45 iters)
09:32:15 | INFO    |   QVMC   33.3%  mean=Om=0.2585  H0=71.2251  KL=12.5115
09:32:15 | INFO    | [QVMC67] iter     0/30 | KL=15.406783 | E[theta]: Om=0.2489  H0=71.5611
09:32:32 | INFO    | [QVMC67] iter    29/30 | KL=10.473291 | E[theta]: Om=0.2622  H0=70.6415
09:32:33 | INFO    | [QVMC67] training done: KL=10.473291 in 18.0s (31 iters)
09:32:33 | INFO    |   QVMC   66.7%  mean=Om=0.2613  H0=70.6725  KL=10.4733
09:32:33 | INFO    | [QVMC100] iter     0/30 | KL=15.406783 | E[theta]: Om=0.2489  H0=71.5611
09:32:50 | INFO    | [QVMC100] iter    29/30 | KL=10.473291 | E[theta]: Om=0.2622  H0=70.6415
09:32:51 | INFO    | [QVMC100] training done: KL=10.473291 in 18.1s (31 iters)
09:32:51 | INFO    |   QVMC  100.0%  mean=Om=0.2613  H0=70.6725  KL=10.4733
09:33:00 | INFO    | Ladder figures in /home/andre/Cosmologia/Git_Hub/resultados_quick/samplers_lcdm_noise-readout/model_lcdm/: ladder_qmcmc_*, ladder_qvmc_*, ladder_rhat_qmcmc_*, ladder_kl_qvmc_*, ladder_1to1_*, ladder_summary_*, ladder_trends_*
09:33:00 | INFO    | Benchmark results written to /home/andre/Cosmologia/Git_Hub/resultados_quick/samplers_lcdm_noise-readout/model_lcdm/resultados_config.csv (+ cumulative resultados_config.csv)
09:33:00 | INFO    | [1/1] lcdm: DONE -> /home/andre/Cosmologia/Git_Hub/resultados_quick/samplers_lcdm_noise-readout/model_lcdm/
09:33:00 | INFO    | 
09:33:00 | INFO    | ======================================================================
09:33:00 | INFO    | SWEEP-ALL finished in 1.1 min
09:33:00 | INFO    |   lcdm     : ok
09:33:00 | INFO    |   Combined table: /home/andre/Cosmologia/Git_Hub/resultados_quick/samplers_lcdm_noise-readout/resultados_TODOS_los_modelos.csv
09:33:00 | INFO    | ======================================================================
09:33:00 | INFO    | [profile] sweep_cpu: wall=68.4s  peak_RSS=334MB  device=CPU
09:33:01 | INFO    |   Resource-usage figure: /home/andre/Cosmologia/Git_Hub/resultados_quick/samplers_lcdm_noise-readout/resource_usage_sweep_cpu.png
