09:31:50 | INFO    | Log started: /home/andre/Cosmologia/Git_Hub/resultados_quick/samplers_lcdm_noise-none/sweep_all_20260903_093150.log
09:31:50 | INFO    | Simulation device: CPU
09:31:51 | INFO    | ======================================================================
09:31:51 | INFO    | SWEEP-ALL — 1 model(s): lcdm
09:31:51 | INFO    |   dataset=CC+BAO | prior=flat | steps=800 | qvmc_iter=30 | nqpp=3
09:31:51 | INFO    |   master folder: /home/andre/Cosmologia/Git_Hub/resultados_quick/samplers_lcdm_noise-none/
09:31:51 | INFO    | ======================================================================
09:31:51 | INFO    | 
09:31:51 | INFO    | [1/1] ===== MODEL: lcdm (Flat ΛCDM) =====
09:31:51 | INFO    | PER-METHOD LADDERS — model Flat ΛCDM, dataset CC+BAO
09:31:52 | INFO    | [C-MCMC] step    500/800 | acc=0.500 | R-hat-1=+0.2003 | mean: Om=0.2525  H0=71.1001
09:31:52 | INFO    | [C-MCMC] done: 800 steps, acc=0.501, ESS=66, t=0.7s, converged=False
09:31:52 | INFO    |   QMCMC   0.0%  mean=Om=0.2553  H0=70.8829  acc=0.501
09:31:56 | INFO    | [QMCMC50] step    500/800 | acc=0.468 | R-hat-1=+0.1679 | mean: Om=0.2663  H0=70.1636
09:31:57 | INFO    | [QMCMC50] done: 800 steps, acc=0.485, ESS=69, t=3.9s, converged=False
09:31:57 | INFO    |   QMCMC  50.0%  mean=Om=0.2630  H0=70.3596  acc=0.485
09:32:02 | INFO    | [QMCMC100] step    500/800 | acc=0.468 | R-hat-1=+0.1679 | mean: Om=0.2663  H0=70.1636
09:32:04 | INFO    | [QMCMC100] done: 800 steps, acc=0.485, ESS=69, t=5.4s, converged=False
09:32:04 | INFO    |   QMCMC 100.0%  mean=Om=0.2630  H0=70.3596  acc=0.485
09:32:04 | INFO    |   Adaptive QVMC grid window (shared): Om∈[0.1800,0.3233], H0∈[66.2306,76.3180]
09:32:04 | INFO    | [C-VI] iter     0/30 | KL=15.516686 | E[theta]: Om=0.2487  H0=71.5794
09:32:04 | INFO    | [C-VI] iter    29/30 | KL=13.492103 | E[theta]: Om=0.2508  H0=71.4886
09:32:04 | INFO    | [C-VI] training done: KL=12.088519 in 0.1s (45 iters)
09:32:04 | INFO    |   QVMC    0.0%  mean=Om=0.2583  H0=71.2312  KL=12.0885
09:32:04 | INFO    | [QVMC33] iter     0/30 | KL=15.516686 | E[theta]: Om=0.2487  H0=71.5794
09:32:04 | INFO    | [QVMC33] iter    29/30 | KL=13.492103 | E[theta]: Om=0.2508  H0=71.4886
09:32:04 | INFO    | [QVMC33] training done: KL=12.088519 in 0.2s (45 iters)
09:32:05 | INFO    |   QVMC   33.3%  mean=Om=0.2571  H0=71.3227  KL=12.0885
09:32:05 | INFO    | [QVMC67] iter     0/30 | KL=15.516686 | E[theta]: Om=0.2487  H0=71.5794
09:32:10 | INFO    | [QVMC67] iter    29/30 | KL=9.802123 | E[theta]: Om=0.2615  H0=70.6844
09:32:10 | INFO    | [QVMC67] training done: KL=9.802123 in 5.1s (31 iters)
09:32:10 | INFO    |   QVMC   66.7%  mean=Om=0.2604  H0=70.7396  KL=9.8021
09:32:10 | INFO    | [QVMC100] iter     0/30 | KL=15.516686 | E[theta]: Om=0.2487  H0=71.5794
09:32:15 | INFO    | [QVMC100] iter    29/30 | KL=9.802123 | E[theta]: Om=0.2615  H0=70.6844
09:32:15 | INFO    | [QVMC100] training done: KL=9.802123 in 5.1s (31 iters)
09:32:15 | INFO    |   QVMC  100.0%  mean=Om=0.2604  H0=70.7396  KL=9.8021
09:32:23 | INFO    | Ladder figures in /home/andre/Cosmologia/Git_Hub/resultados_quick/samplers_lcdm_noise-none/model_lcdm/: ladder_qmcmc_*, ladder_qvmc_*, ladder_rhat_qmcmc_*, ladder_kl_qvmc_*, ladder_1to1_*, ladder_summary_*, ladder_trends_*
09:32:23 | INFO    | Benchmark results written to /home/andre/Cosmologia/Git_Hub/resultados_quick/samplers_lcdm_noise-none/model_lcdm/resultados_config.csv (+ cumulative resultados_config.csv)
09:32:23 | INFO    | [1/1] lcdm: DONE -> /home/andre/Cosmologia/Git_Hub/resultados_quick/samplers_lcdm_noise-none/model_lcdm/
09:32:23 | INFO    | 
09:32:23 | INFO    | ======================================================================
09:32:23 | INFO    | SWEEP-ALL finished in 0.5 min
09:32:23 | INFO    |   lcdm     : ok
09:32:23 | INFO    |   Combined table: /home/andre/Cosmologia/Git_Hub/resultados_quick/samplers_lcdm_noise-none/resultados_TODOS_los_modelos.csv
09:32:23 | INFO    | ======================================================================
09:32:23 | INFO    | [profile] sweep_cpu: wall=32.0s  peak_RSS=276MB  device=CPU
09:32:24 | INFO    |   Resource-usage figure: /home/andre/Cosmologia/Git_Hub/resultados_quick/samplers_lcdm_noise-none/resource_usage_sweep_cpu.png
